node.exe : [33mThe CJS build of Vite's Node API is deprecated. See https://vite.dev/guide/troubleshooting.html#vite-cjs-node-api-deprecated for more details.[39m
At C:\Program Files\nodejs\npx.ps1:29 char:3
+   & $NODE_EXE $NPX_CLI_JS $args
+   ~~~~~~~~~~~~~~~~~~~~~~~~~~~~~
    + CategoryInfo              : NotSpe    cified: ([33mTh    e CJS bu...e det    ails.[39m:Strin    g) [], RemoteExc    eption
    + FullyQualified    ErrorId : Native    CommandError
 

[1m[7m[36m RUN [39m[27m[22m [36mv2.1.9 [39m[90mF:/NpmJS/miconvert-browser-image-compression[39m


[31mΓÄ»ΓÄ»ΓÄ»ΓÄ»ΓÄ»ΓÄ»[1m[7m Unhandled Errors [27m[22mΓÄ»ΓÄ»ΓÄ»ΓÄ»ΓÄ»ΓÄ»[39m
[31m[1m
Vitest caught 4 unhandled errors during the test run.
This might cause false positive tests. Resolve unhandled errors to make sure your tests are not affected.[22m[39m

[31mΓÄ»ΓÄ»ΓÄ»ΓÄ»ΓÄ»ΓÄ»[1m[7m Unhandled Error [27m[22mΓÄ»ΓÄ»ΓÄ»ΓÄ»ΓÄ»ΓÄ»ΓÄ»[39m
[31m[1mError[22m: require() of ES Module F:\NpmJS\miconvert-browser-image-compression\node_modules\@csstools\css-calc\dist\index.mjs not supported.
Instead change the require of F:\NpmJS\miconvert-browser-image-compression\node_modules\@csstools\css-calc\dist\index.mjs to a dynamic import() which is available in all CommonJS modules.[39m
[90m [2mΓ¥»[22m TracingChannel.traceSync node:diagnostics_channel:[2m315:14[22m[39m
[90m [2mΓ¥»[22m Object.<anonymous> node_modules/@asamuzakjp/css-color/dist/cjs/index.cjs:[2m30:24[22m[39m

[31m[2mΓÄ»ΓÄ»ΓÄ»ΓÄ»ΓÄ»ΓÄ»ΓÄ»ΓÄ»ΓÄ»ΓÄ»ΓÄ»ΓÄ»ΓÄ»ΓÄ»ΓÄ»ΓÄ»ΓÄ»ΓÄ»ΓÄ»ΓÄ»ΓÄ»ΓÄ»ΓÄ»ΓÄ»ΓÄ»ΓÄ»ΓÄ»ΓÄ»ΓÄ»ΓÄ»[22m[39m
[31m[1mSerialized Error:[22m[39m [90m{ code: 'ERR_REQUIRE_ESM' }[39m

[31mΓÄ»ΓÄ»ΓÄ»ΓÄ»ΓÄ»ΓÄ»[1m[7m Unhandled Error [27m[22mΓÄ»ΓÄ»ΓÄ»ΓÄ»ΓÄ»ΓÄ»ΓÄ»[39m
[31m[1mError[22m: require() of ES Module F:\NpmJS\miconvert-browser-image-compression\node_modules\@csstools\css-calc\dist\index.mjs not supported.
Instead change the require of F:\NpmJS\miconvert-browser-image-compression\node_modules\@csstools\css-calc\dist\index.mjs to a dynamic import() which is available in all CommonJS modules.[39m
[90m [2mΓ¥»[22m TracingChannel.traceSync node:diagnostics_channel:[2m315:14[22m[39m
[90m [2mΓ¥»[22m Object.<anonymous> node_modules/@asamuzakjp/css-color/dist/cjs/index.cjs:[2m30:24[22m[39m

[31m[2mΓÄ»ΓÄ»ΓÄ»ΓÄ»ΓÄ»ΓÄ»ΓÄ»ΓÄ»ΓÄ»ΓÄ»ΓÄ»ΓÄ»ΓÄ»ΓÄ»ΓÄ»ΓÄ»ΓÄ»ΓÄ»ΓÄ»ΓÄ»ΓÄ»ΓÄ»ΓÄ»ΓÄ»ΓÄ»ΓÄ»ΓÄ»ΓÄ»ΓÄ»ΓÄ»[22m[39m
[31m[1mSerialized Error:[22m[39m [90m{ code: 'ERR_REQUIRE_ESM' }[39m

[31mΓÄ»ΓÄ»ΓÄ»ΓÄ»ΓÄ»ΓÄ»[1m[7m Unhandled Error [27m[22mΓÄ»ΓÄ»ΓÄ»ΓÄ»ΓÄ»ΓÄ»ΓÄ»[39m
[31m[1mError[22m: require() of ES Module F:\NpmJS\miconvert-browser-image-compression\node_modules\@csstools\css-calc\dist\index.mjs not supported.
Instead change the require of F:\NpmJS\miconvert-browser-image-compression\node_modules\@csstools\css-calc\dist\index.mjs to a dynamic import() which is available in all CommonJS modules.[39m
[90m [2mΓ¥»[22m TracingChannel.traceSync node:diagnostics_channel:[2m315:14[22m[39m
[90m [2mΓ¥»[22m Object.<anonymous> node_modules/@asamuzakjp/css-color/dist/cjs/index.cjs:[2m30:24[22m[39m

[31m[2mΓÄ»ΓÄ»ΓÄ»ΓÄ»ΓÄ»ΓÄ»ΓÄ»ΓÄ»ΓÄ»ΓÄ»ΓÄ»ΓÄ»ΓÄ»ΓÄ»ΓÄ»ΓÄ»ΓÄ»ΓÄ»ΓÄ»ΓÄ»ΓÄ»ΓÄ»ΓÄ»ΓÄ»ΓÄ»ΓÄ»ΓÄ»ΓÄ»ΓÄ»ΓÄ»[22m[39m
[31m[1mSerialized Error:[22m[39m [90m{ code: 'ERR_REQUIRE_ESM' }[39m

[31mΓÄ»ΓÄ»ΓÄ»ΓÄ»ΓÄ»ΓÄ»[1m[7m Unhandled Error [27m[22mΓÄ»ΓÄ»ΓÄ»ΓÄ»ΓÄ»ΓÄ»ΓÄ»[39m
[31m[1mError[22m: require() of ES Module F:\NpmJS\miconvert-browser-image-compression\node_modules\@csstools\css-calc\dist\index.mjs not supported.
Instead change the require of F:\NpmJS\miconvert-browser-image-compression\node_modules\@csstools\css-calc\dist\index.mjs to a dynamic import() which is available in all CommonJS modules.[39m
[90m [2mΓ¥»[22m TracingChannel.traceSync node:diagnostics_channel:[2m315:14[22m[39m
[90m [2mΓ¥»[22m Object.<anonymous> node_modules/@asamuzakjp/css-color/dist/cjs/index.cjs:[2m30:24[22m[39m

[31m[2mΓÄ»ΓÄ»ΓÄ»ΓÄ»ΓÄ»ΓÄ»ΓÄ»ΓÄ»ΓÄ»ΓÄ»ΓÄ»ΓÄ»ΓÄ»ΓÄ»ΓÄ»ΓÄ»ΓÄ»ΓÄ»ΓÄ»ΓÄ»ΓÄ»ΓÄ»ΓÄ»ΓÄ»ΓÄ»ΓÄ»ΓÄ»ΓÄ»ΓÄ»ΓÄ»[22m[39m
[31m[1mSerialized Error:[22m[39m [90m{ code: 'ERR_REQUIRE_ESM' }[39m
[31mΓÄ»ΓÄ»ΓÄ»ΓÄ»ΓÄ»ΓÄ»ΓÄ»ΓÄ»ΓÄ»ΓÄ»ΓÄ»ΓÄ»ΓÄ»ΓÄ»ΓÄ»ΓÄ»ΓÄ»ΓÄ»ΓÄ»ΓÄ»ΓÄ»ΓÄ»ΓÄ»ΓÄ»ΓÄ»ΓÄ»ΓÄ»ΓÄ»ΓÄ»ΓÄ»[39m

[2m Test Files [22m [2mno tests[22m
[2m      Tests [22m [2mno tests[22m
[2m     Errors [22m [1m[31m4 errors[39m[22m
[2m   Start at [22m 17:05:06
[2m   Duration [22m 352ms[2m (transform 20ms, setup 0ms, collect 0ms, tests 0ms, environment 0ms, prepare 0ms)[22m


